720KB Distribution Disk Layout


DISK 1

ibmbio.com
ibmdos.com
autoexec.bat
command.com
config.sys
country.sys
ega.sy_
keyb.com
keyboard.sys
nlsfunc.exe
setup.exe
setup.ini
cv.com
display.sy_
ega.cp_
himem.sy_
mode.co_
setver.ex_
ansi.sy_
debug.co_
edlin.co_
emm386.ex_
fastopen.ex_
fdisk.com
format.com
mirror.co_
ramdrive.sy_
share.ex_
smartdrv.sy_
sys.co_
undelete.ex_
unformat.com
xcopy.ex_


DISK 2

doskey.co_
cga.gr_
cga.in_
cga.vi_
dosshell.co_
dosshell.ex_
dosswap.ex_
ega.gr_
ega.in_
ega.vi_
egamono.gr_
herc.gr_
herc.vi_
mono.gr_
mono.in_
packing.lst
print.co_
vga.gr_
vga.vi_
vgamono.gr_
appnotes.txt
doshelp.hl_
dosshell.hl_
edit.hl_
help.ex_
recover.co_
qbasic.hl_
edit.com
money.ba_
msherc.co_
qbasic.ex_


DISK 3

gorilla.ba_
4201.cp_
4208.cp_
5202.cp_
ppds.cp_
append.ex_
assign.co_
attrib.ex_
backup.co_
chkdsk.co_
comp.co_
diskcomp.co_
diskcopy.co_
driver.sy_
fc.ex_
find.ex_
graftabl.co_
graphics.co_
label.co_
more.co_
nibbles.ba_
remline.ba_
restore.co_
sort.ex_
wina20.38_
exe2bin.ex_
expand.exe
graphics.pr_
join.ex_
loadfix.co_
printer.sy_
readme.txt
replace.ex_
subst.ex_
tree.co_
mem.ex_
mouse.co_
cmosclk.sy_
basic.co_
basica.co_
meutoini.ex_
autoconf.ex_
keybgk.com
keyboard.sys
egax.cp_


720KB Destination Disk Layout


STARTUP/SUPPORT

ibmbio.com
ibmdos.com
command.com
country.sys
ega.sys
keyb.com
keyboard.sys
nlsfunc.exe
display.sys
ega.cpi
himem.sys
mode.com
setver.exe
ansi.sys
debug.com
edlin.com
emm386.exe
fastopen.exe
fdisk.com
format.com
mirror.com
ramdrive.sys
share.exe
smartdrv.sys
sys.com
undelete.exe
unformat.com
xcopy.exe
doskey.com
config.sys
autoexec.bat


SHELL/HELP

dosshell.vid
dosshell.ini
dosshell.com
dosshell.exe
dosshell.grb
dosswap.exe
packing.lst
print.com
appnotes.txt
dosshell.hlp
edit.hlp
recover.com
doshelp.hlp
help.exe
qbasic.hlp


BASIC/EDIT/UTILITY

edit.com
money.bas
msherc.com
qbasic.exe
gorilla.bas
4201.cpi
4208.cpi
5202.cpi
ppds.cpi
append.exe
assign.com
attrib.exe
backup.com
chkdsk.com
comp.com
diskcomp.com
diskcopy.com
driver.sys
fc.exe
find.exe
graftabl.com
graphics.com
graphics.pro
label.com
more.com
nibbles.bas
remline.bas
restore.com
sort.exe
wina20.386


SUPPLEMENTAL

exe2bin.exe
expand.exe
join.exe
loadfix.com
printer.sys
readme.txt
replace.exe
subst.exe
tree.com
mem.exe
cmosclk.sys
basic.com
basica.com
keybgk.com
egax.cpi
